[2024-03-20T16:34:29.556-0300][gc,heap] Heap region size: 1M
[2024-03-20T16:34:29.564-0300][gc     ] Using G1
[2024-03-20T16:34:29.564-0300][gc,heap,coops] Heap address: 0x00000000c0000000, size: 1024 MB, Compressed Oops mode: 32-bit
[2024-03-20T16:34:29.564-0300][gc,cds       ] Mark closed archive regions in map: [0x00000000ffe00000, 0x00000000ffe6bff8]
[2024-03-20T16:34:29.564-0300][gc,cds       ] Mark open archive regions in map: [0x00000000ffc00000, 0x00000000ffc47ff8]
[2024-03-20T16:34:30.207-0300][gc,start     ] GC(0) Pause Young (Normal) (G1 Evacuation Pause)
[2024-03-20T16:34:30.207-0300][gc,task      ] GC(0) Using 8 workers of 8 for evacuation
[2024-03-20T16:34:30.216-0300][gc,phases    ] GC(0)   Pre Evacuate Collection Set: 0,0ms
[2024-03-20T16:34:30.217-0300][gc,phases    ] GC(0)   Evacuate Collection Set: 8,5ms
[2024-03-20T16:34:30.217-0300][gc,phases    ] GC(0)   Post Evacuate Collection Set: 0,5ms
[2024-03-20T16:34:30.217-0300][gc,phases    ] GC(0)   Other: 0,6ms
[2024-03-20T16:34:30.217-0300][gc,heap      ] GC(0) Eden regions: 51->0(44)
[2024-03-20T16:34:30.217-0300][gc,heap      ] GC(0) Survivor regions: 0->7(7)
[2024-03-20T16:34:30.217-0300][gc,heap      ] GC(0) Old regions: 2->3
[2024-03-20T16:34:30.217-0300][gc,heap      ] GC(0) Humongous regions: 0->0
[2024-03-20T16:34:30.217-0300][gc,metaspace ] GC(0) Metaspace: 14062K(14848K)->14062K(14848K) NonClass: 12334K(12800K)->12334K(12800K) Class: 1727K(2048K)->1727K(2048K)
[2024-03-20T16:34:30.217-0300][gc           ] GC(0) Pause Young (Normal) (G1 Evacuation Pause) 51M->7M(1024M) 9,690ms
[2024-03-20T16:34:30.217-0300][gc,cpu       ] GC(0) User=0,05s Sys=0,00s Real=0,02s
[2024-03-20T16:34:30.563-0300][gc,start     ] GC(1) Pause Young (Concurrent Start) (Metadata GC Threshold)
[2024-03-20T16:34:30.563-0300][gc,task      ] GC(1) Using 8 workers of 8 for evacuation
[2024-03-20T16:34:30.570-0300][gc,phases    ] GC(1)   Pre Evacuate Collection Set: 0,0ms
[2024-03-20T16:34:30.570-0300][gc,phases    ] GC(1)   Evacuate Collection Set: 7,2ms
[2024-03-20T16:34:30.570-0300][gc,phases    ] GC(1)   Post Evacuate Collection Set: 0,4ms
[2024-03-20T16:34:30.570-0300][gc,phases    ] GC(1)   Other: 0,2ms
[2024-03-20T16:34:30.570-0300][gc,heap      ] GC(1) Eden regions: 30->0(49)
[2024-03-20T16:34:30.570-0300][gc,heap      ] GC(1) Survivor regions: 7->2(7)
[2024-03-20T16:34:30.570-0300][gc,heap      ] GC(1) Old regions: 3->10
[2024-03-20T16:34:30.570-0300][gc,heap      ] GC(1) Humongous regions: 0->0
[2024-03-20T16:34:30.570-0300][gc,metaspace ] GC(1) Metaspace: 20437K(21248K)->20437K(21248K) NonClass: 17983K(18432K)->17983K(18432K) Class: 2453K(2816K)->2453K(2816K)
[2024-03-20T16:34:30.570-0300][gc           ] GC(1) Pause Young (Concurrent Start) (Metadata GC Threshold) 37M->9M(1024M) 7,897ms
[2024-03-20T16:34:30.570-0300][gc,cpu       ] GC(1) User=0,03s Sys=0,01s Real=0,01s
[2024-03-20T16:34:30.571-0300][gc           ] GC(2) Concurrent Cycle
[2024-03-20T16:34:30.571-0300][gc,marking   ] GC(2) Concurrent Clear Claimed Marks
[2024-03-20T16:34:30.571-0300][gc,marking   ] GC(2) Concurrent Clear Claimed Marks 0,031ms
[2024-03-20T16:34:30.571-0300][gc,marking   ] GC(2) Concurrent Scan Root Regions
[2024-03-20T16:34:30.572-0300][gc,marking   ] GC(2) Concurrent Scan Root Regions 1,183ms
[2024-03-20T16:34:30.572-0300][gc,marking   ] GC(2) Concurrent Mark (1,026s)
[2024-03-20T16:34:30.572-0300][gc,marking   ] GC(2) Concurrent Mark From Roots
[2024-03-20T16:34:30.572-0300][gc,task      ] GC(2) Using 2 workers of 2 for marking
[2024-03-20T16:34:30.577-0300][gc,marking   ] GC(2) Concurrent Mark From Roots 5,175ms
[2024-03-20T16:34:30.577-0300][gc,marking   ] GC(2) Concurrent Preclean
[2024-03-20T16:34:30.577-0300][gc,marking   ] GC(2) Concurrent Preclean 0,091ms
[2024-03-20T16:34:30.577-0300][gc,marking   ] GC(2) Concurrent Mark (1,026s, 1,031s) 5,316ms
[2024-03-20T16:34:30.577-0300][gc,start     ] GC(2) Pause Remark
[2024-03-20T16:34:30.584-0300][gc,stringtable] GC(2) Cleaned string and symbol table, strings: 5765 processed, 0 removed, symbols: 53903 processed, 43 removed
[2024-03-20T16:34:30.584-0300][gc            ] GC(2) Pause Remark 9M->9M(1024M) 6,685ms
[2024-03-20T16:34:30.584-0300][gc,cpu        ] GC(2) User=0,04s Sys=0,00s Real=0,00s
[2024-03-20T16:34:30.584-0300][gc,marking    ] GC(2) Concurrent Rebuild Remembered Sets
[2024-03-20T16:34:30.586-0300][gc,marking    ] GC(2) Concurrent Rebuild Remembered Sets 2,263ms
[2024-03-20T16:34:30.586-0300][gc,start      ] GC(2) Pause Cleanup
[2024-03-20T16:34:30.586-0300][gc            ] GC(2) Pause Cleanup 10M->10M(1024M) 0,124ms
[2024-03-20T16:34:30.586-0300][gc,cpu        ] GC(2) User=0,01s Sys=0,00s Real=0,00s
[2024-03-20T16:34:30.586-0300][gc,marking    ] GC(2) Concurrent Cleanup for Next Mark
[2024-03-20T16:34:30.590-0300][gc,marking    ] GC(2) Concurrent Cleanup for Next Mark 3,720ms
[2024-03-20T16:34:30.590-0300][gc            ] GC(2) Concurrent Cycle 19,690ms
[2024-03-20T16:34:31.026-0300][gc,start      ] GC(3) Pause Young (Normal) (G1 Evacuation Pause)
[2024-03-20T16:34:31.026-0300][gc,task       ] GC(3) Using 8 workers of 8 for evacuation
[2024-03-20T16:34:31.030-0300][gc,phases     ] GC(3)   Pre Evacuate Collection Set: 0,0ms
[2024-03-20T16:34:31.030-0300][gc,phases     ] GC(3)   Evacuate Collection Set: 3,3ms
[2024-03-20T16:34:31.030-0300][gc,phases     ] GC(3)   Post Evacuate Collection Set: 0,3ms
[2024-03-20T16:34:31.030-0300][gc,phases     ] GC(3)   Other: 0,2ms
[2024-03-20T16:34:31.030-0300][gc,heap       ] GC(3) Eden regions: 49->0(47)
[2024-03-20T16:34:31.030-0300][gc,heap       ] GC(3) Survivor regions: 2->4(7)
[2024-03-20T16:34:31.030-0300][gc,heap       ] GC(3) Old regions: 10->10
[2024-03-20T16:34:31.030-0300][gc,heap       ] GC(3) Humongous regions: 129->129
[2024-03-20T16:34:31.030-0300][gc,metaspace  ] GC(3) Metaspace: 28824K(29952K)->28824K(29952K) NonClass: 25464K(26112K)->25464K(26112K) Class: 3359K(3840K)->3359K(3840K)
[2024-03-20T16:34:31.030-0300][gc            ] GC(3) Pause Young (Normal) (G1 Evacuation Pause) 187M->140M(1024M) 3,826ms
[2024-03-20T16:34:31.030-0300][gc,cpu        ] GC(3) User=0,02s Sys=0,00s Real=0,01s
[2024-03-20T16:34:31.365-0300][gc,start      ] GC(4) Pause Young (Concurrent Start) (Metadata GC Threshold)
[2024-03-20T16:34:31.365-0300][gc,task       ] GC(4) Using 8 workers of 8 for evacuation
[2024-03-20T16:34:31.370-0300][gc,phases     ] GC(4)   Pre Evacuate Collection Set: 0,1ms
[2024-03-20T16:34:31.370-0300][gc,phases     ] GC(4)   Evacuate Collection Set: 4,0ms
[2024-03-20T16:34:31.370-0300][gc,phases     ] GC(4)   Post Evacuate Collection Set: 0,4ms
[2024-03-20T16:34:31.370-0300][gc,phases     ] GC(4)   Other: 0,2ms
[2024-03-20T16:34:31.370-0300][gc,heap       ] GC(4) Eden regions: 34->0(45)
[2024-03-20T16:34:31.370-0300][gc,heap       ] GC(4) Survivor regions: 4->6(7)
[2024-03-20T16:34:31.370-0300][gc,heap       ] GC(4) Old regions: 10->11
[2024-03-20T16:34:31.370-0300][gc,heap       ] GC(4) Humongous regions: 129->129
[2024-03-20T16:34:31.370-0300][gc,metaspace  ] GC(4) Metaspace: 34410K(35840K)->34410K(35840K) NonClass: 30469K(31232K)->30469K(31232K) Class: 3940K(4608K)->3940K(4608K)
[2024-03-20T16:34:31.370-0300][gc            ] GC(4) Pause Young (Concurrent Start) (Metadata GC Threshold) 174M->143M(1024M) 4,759ms
[2024-03-20T16:34:31.370-0300][gc,cpu        ] GC(4) User=0,03s Sys=0,00s Real=0,01s
[2024-03-20T16:34:31.370-0300][gc            ] GC(5) Concurrent Cycle
[2024-03-20T16:34:31.370-0300][gc,marking    ] GC(5) Concurrent Clear Claimed Marks
[2024-03-20T16:34:31.370-0300][gc,marking    ] GC(5) Concurrent Clear Claimed Marks 0,093ms
[2024-03-20T16:34:31.370-0300][gc,marking    ] GC(5) Concurrent Scan Root Regions
[2024-03-20T16:34:31.373-0300][gc,marking    ] GC(5) Concurrent Scan Root Regions 2,352ms
[2024-03-20T16:34:31.373-0300][gc,marking    ] GC(5) Concurrent Mark (1,827s)
[2024-03-20T16:34:31.373-0300][gc,marking    ] GC(5) Concurrent Mark From Roots
[2024-03-20T16:34:31.373-0300][gc,task       ] GC(5) Using 2 workers of 2 for marking
[2024-03-20T16:34:31.379-0300][gc,marking    ] GC(5) Concurrent Mark From Roots 6,386ms
[2024-03-20T16:34:31.379-0300][gc,marking    ] GC(5) Concurrent Preclean
[2024-03-20T16:34:31.379-0300][gc,marking    ] GC(5) Concurrent Preclean 0,104ms
[2024-03-20T16:34:31.379-0300][gc,marking    ] GC(5) Concurrent Mark (1,827s, 1,833s) 6,540ms
[2024-03-20T16:34:31.379-0300][gc,start      ] GC(5) Pause Remark
[2024-03-20T16:34:31.383-0300][gc,stringtable] GC(5) Cleaned string and symbol table, strings: 11644 processed, 10 removed, symbols: 88313 processed, 15 removed
[2024-03-20T16:34:31.383-0300][gc            ] GC(5) Pause Remark 144M->144M(1024M) 3,619ms
[2024-03-20T16:34:31.383-0300][gc,cpu        ] GC(5) User=0,02s Sys=0,00s Real=0,00s
[2024-03-20T16:34:31.383-0300][gc,marking    ] GC(5) Concurrent Rebuild Remembered Sets
[2024-03-20T16:34:31.388-0300][gc,marking    ] GC(5) Concurrent Rebuild Remembered Sets 4,371ms
[2024-03-20T16:34:31.388-0300][gc,start      ] GC(5) Pause Cleanup
[2024-03-20T16:34:31.388-0300][gc            ] GC(5) Pause Cleanup 145M->145M(1024M) 0,175ms
[2024-03-20T16:34:31.388-0300][gc,cpu        ] GC(5) User=0,00s Sys=0,00s Real=0,00s
[2024-03-20T16:34:31.388-0300][gc,marking    ] GC(5) Concurrent Cleanup for Next Mark
[2024-03-20T16:34:31.392-0300][gc,marking    ] GC(5) Concurrent Cleanup for Next Mark 3,564ms
[2024-03-20T16:34:31.392-0300][gc            ] GC(5) Concurrent Cycle 21,271ms
[2024-03-20T16:42:37.851-0300][gc,start      ] GC(6) Pause Young (Normal) (G1 Evacuation Pause)
[2024-03-20T16:42:37.851-0300][gc,task       ] GC(6) Using 8 workers of 8 for evacuation
[2024-03-20T16:42:37.856-0300][gc,phases     ] GC(6)   Pre Evacuate Collection Set: 0,0ms
[2024-03-20T16:42:37.857-0300][gc,phases     ] GC(6)   Evacuate Collection Set: 4,7ms
[2024-03-20T16:42:37.857-0300][gc,phases     ] GC(6)   Post Evacuate Collection Set: 0,5ms
[2024-03-20T16:42:37.857-0300][gc,phases     ] GC(6)   Other: 0,1ms
[2024-03-20T16:42:37.857-0300][gc,heap       ] GC(6) Eden regions: 45->0(45)
[2024-03-20T16:42:37.857-0300][gc,heap       ] GC(6) Survivor regions: 6->6(7)
[2024-03-20T16:42:37.857-0300][gc,heap       ] GC(6) Old regions: 11->13
[2024-03-20T16:42:37.857-0300][gc,heap       ] GC(6) Humongous regions: 129->129
[2024-03-20T16:42:37.857-0300][gc,metaspace  ] GC(6) Metaspace: 41550K(44160K)->41550K(44160K) NonClass: 36209K(37632K)->36209K(37632K) Class: 5341K(6528K)->5341K(6528K)
[2024-03-20T16:42:37.857-0300][gc            ] GC(6) Pause Young (Normal) (G1 Evacuation Pause) 188M->145M(1024M) 5,440ms
[2024-03-20T16:42:37.857-0300][gc,cpu        ] GC(6) User=0,03s Sys=0,00s Real=0,01s
[2024-03-20T16:48:30.984-0300][gc,start      ] GC(7) Pause Young (Normal) (G1 Evacuation Pause)
[2024-03-20T16:48:30.984-0300][gc,task       ] GC(7) Using 8 workers of 8 for evacuation
[2024-03-20T16:48:31.008-0300][gc,mmu        ] GC(7) MMU target violated: 21,0ms (20,0ms/21,0ms)
[2024-03-20T16:48:31.008-0300][gc,phases     ] GC(7)   Pre Evacuate Collection Set: 0,1ms
[2024-03-20T16:48:31.008-0300][gc,phases     ] GC(7)   Evacuate Collection Set: 21,7ms
[2024-03-20T16:48:31.008-0300][gc,phases     ] GC(7)   Post Evacuate Collection Set: 2,2ms
[2024-03-20T16:48:31.008-0300][gc,phases     ] GC(7)   Other: 0,7ms
[2024-03-20T16:48:31.008-0300][gc,heap       ] GC(7) Eden regions: 45->0(45)
[2024-03-20T16:48:31.008-0300][gc,heap       ] GC(7) Survivor regions: 6->6(7)
[2024-03-20T16:48:31.008-0300][gc,heap       ] GC(7) Old regions: 13->16
[2024-03-20T16:48:31.008-0300][gc,heap       ] GC(7) Humongous regions: 129->129
[2024-03-20T16:48:31.008-0300][gc,metaspace  ] GC(7) Metaspace: 44872K(47872K)->44872K(47872K) NonClass: 39098K(40704K)->39098K(40704K) Class: 5774K(7168K)->5774K(7168K)
[2024-03-20T16:48:31.008-0300][gc            ] GC(7) Pause Young (Normal) (G1 Evacuation Pause) 190M->149M(1024M) 24,944ms
[2024-03-20T16:48:31.009-0300][gc,cpu        ] GC(7) User=0,14s Sys=0,00s Real=0,03s
[2024-03-20T17:00:19.795-0300][gc,start      ] GC(8) Pause Young (Normal) (G1 Evacuation Pause)
[2024-03-20T17:00:19.795-0300][gc,task       ] GC(8) Using 8 workers of 8 for evacuation
[2024-03-20T17:00:19.810-0300][gc,phases     ] GC(8)   Pre Evacuate Collection Set: 0,1ms
[2024-03-20T17:00:19.811-0300][gc,phases     ] GC(8)   Evacuate Collection Set: 13,7ms
[2024-03-20T17:00:19.811-0300][gc,phases     ] GC(8)   Post Evacuate Collection Set: 1,3ms
[2024-03-20T17:00:19.811-0300][gc,phases     ] GC(8)   Other: 0,6ms
[2024-03-20T17:00:19.811-0300][gc,heap       ] GC(8) Eden regions: 45->0(49)
[2024-03-20T17:00:19.811-0300][gc,heap       ] GC(8) Survivor regions: 6->2(7)
[2024-03-20T17:00:19.811-0300][gc,heap       ] GC(8) Old regions: 16->20
[2024-03-20T17:00:19.811-0300][gc,heap       ] GC(8) Humongous regions: 129->129
[2024-03-20T17:00:19.811-0300][gc,metaspace  ] GC(8) Metaspace: 45097K(48128K)->45097K(48128K) NonClass: 39318K(40960K)->39318K(40960K) Class: 5779K(7168K)->5779K(7168K)
[2024-03-20T17:00:19.811-0300][gc            ] GC(8) Pause Young (Normal) (G1 Evacuation Pause) 194M->149M(1024M) 15,949ms
[2024-03-20T17:00:19.811-0300][gc,cpu        ] GC(8) User=0,09s Sys=0,01s Real=0,02s
[2024-03-20T17:13:53.627-0300][gc,start      ] GC(9) Pause Young (Normal) (G1 Evacuation Pause)
[2024-03-20T17:13:53.627-0300][gc,task       ] GC(9) Using 8 workers of 8 for evacuation
[2024-03-20T17:13:53.635-0300][gc,phases     ] GC(9)   Pre Evacuate Collection Set: 0,1ms
[2024-03-20T17:13:53.635-0300][gc,phases     ] GC(9)   Evacuate Collection Set: 7,0ms
[2024-03-20T17:13:53.635-0300][gc,phases     ] GC(9)   Post Evacuate Collection Set: 0,5ms
[2024-03-20T17:13:53.635-0300][gc,phases     ] GC(9)   Other: 0,5ms
[2024-03-20T17:13:53.635-0300][gc,heap       ] GC(9) Eden regions: 49->0(46)
[2024-03-20T17:13:53.635-0300][gc,heap       ] GC(9) Survivor regions: 2->5(7)
[2024-03-20T17:13:53.635-0300][gc,heap       ] GC(9) Old regions: 20->20
[2024-03-20T17:13:53.635-0300][gc,heap       ] GC(9) Humongous regions: 129->129
[2024-03-20T17:13:53.635-0300][gc,metaspace  ] GC(9) Metaspace: 45275K(48384K)->45275K(48384K) NonClass: 39496K(41216K)->39496K(41216K) Class: 5779K(7168K)->5779K(7168K)
[2024-03-20T17:13:53.635-0300][gc            ] GC(9) Pause Young (Normal) (G1 Evacuation Pause) 198M->152M(1024M) 8,069ms
[2024-03-20T17:13:53.635-0300][gc,cpu        ] GC(9) User=0,06s Sys=0,00s Real=0,01s
[2024-03-20T17:27:12.877-0300][gc,start      ] GC(10) Pause Young (Normal) (G1 Evacuation Pause)
[2024-03-20T17:27:12.877-0300][gc,task       ] GC(10) Using 8 workers of 8 for evacuation
[2024-03-20T17:27:12.887-0300][gc,phases     ] GC(10)   Pre Evacuate Collection Set: 0,1ms
[2024-03-20T17:27:12.887-0300][gc,phases     ] GC(10)   Evacuate Collection Set: 9,0ms
[2024-03-20T17:27:12.887-0300][gc,phases     ] GC(10)   Post Evacuate Collection Set: 0,4ms
[2024-03-20T17:27:12.887-0300][gc,phases     ] GC(10)   Other: 0,6ms
[2024-03-20T17:27:12.887-0300][gc,heap       ] GC(10) Eden regions: 46->0(47)
[2024-03-20T17:27:12.887-0300][gc,heap       ] GC(10) Survivor regions: 5->4(7)
[2024-03-20T17:27:12.887-0300][gc,heap       ] GC(10) Old regions: 20->24
[2024-03-20T17:27:12.887-0300][gc,heap       ] GC(10) Humongous regions: 129->129
[2024-03-20T17:27:12.887-0300][gc,metaspace  ] GC(10) Metaspace: 45681K(48640K)->45681K(48640K) NonClass: 39902K(41472K)->39902K(41472K) Class: 5779K(7168K)->5779K(7168K)
[2024-03-20T17:27:12.887-0300][gc            ] GC(10) Pause Young (Normal) (G1 Evacuation Pause) 198M->154M(1024M) 10,130ms
[2024-03-20T17:27:12.887-0300][gc,cpu        ] GC(10) User=0,06s Sys=0,00s Real=0,00s
[2024-03-20T17:40:11.899-0300][gc,start      ] GC(11) Pause Young (Normal) (G1 Evacuation Pause)
[2024-03-20T17:40:11.899-0300][gc,task       ] GC(11) Using 8 workers of 8 for evacuation
[2024-03-20T17:40:11.909-0300][gc,phases     ] GC(11)   Pre Evacuate Collection Set: 0,1ms
[2024-03-20T17:40:11.909-0300][gc,phases     ] GC(11)   Evacuate Collection Set: 9,4ms
[2024-03-20T17:40:11.909-0300][gc,phases     ] GC(11)   Post Evacuate Collection Set: 0,5ms
[2024-03-20T17:40:11.909-0300][gc,phases     ] GC(11)   Other: 0,4ms
[2024-03-20T17:40:11.909-0300][gc,heap       ] GC(11) Eden regions: 47->0(44)
[2024-03-20T17:40:11.909-0300][gc,heap       ] GC(11) Survivor regions: 4->7(7)
[2024-03-20T17:40:11.909-0300][gc,heap       ] GC(11) Old regions: 24->24
[2024-03-20T17:40:11.909-0300][gc,heap       ] GC(11) Humongous regions: 129->129
[2024-03-20T17:40:11.909-0300][gc,metaspace  ] GC(11) Metaspace: 45773K(48640K)->45773K(48640K) NonClass: 39989K(41472K)->39989K(41472K) Class: 5784K(7168K)->5784K(7168K)
[2024-03-20T17:40:11.909-0300][gc            ] GC(11) Pause Young (Normal) (G1 Evacuation Pause) 201M->158M(1024M) 10,429ms
[2024-03-20T17:40:11.909-0300][gc,cpu        ] GC(11) User=0,08s Sys=0,00s Real=0,01s
[2024-03-20T17:53:14.837-0300][gc,start      ] GC(12) Pause Young (Normal) (G1 Evacuation Pause)
[2024-03-20T17:53:14.837-0300][gc,task       ] GC(12) Using 8 workers of 8 for evacuation
[2024-03-20T17:53:14.854-0300][gc,phases     ] GC(12)   Pre Evacuate Collection Set: 0,0ms
[2024-03-20T17:53:14.854-0300][gc,phases     ] GC(12)   Evacuate Collection Set: 15,5ms
[2024-03-20T17:53:14.854-0300][gc,phases     ] GC(12)   Post Evacuate Collection Set: 0,7ms
[2024-03-20T17:53:14.854-0300][gc,phases     ] GC(12)   Other: 0,4ms
[2024-03-20T17:53:14.854-0300][gc,heap       ] GC(12) Eden regions: 44->0(48)
[2024-03-20T17:53:14.854-0300][gc,heap       ] GC(12) Survivor regions: 7->3(7)
[2024-03-20T17:53:14.854-0300][gc,heap       ] GC(12) Old regions: 24->29
[2024-03-20T17:53:14.854-0300][gc,heap       ] GC(12) Humongous regions: 129->129
[2024-03-20T17:53:14.854-0300][gc,metaspace  ] GC(12) Metaspace: 45803K(48896K)->45803K(48896K) NonClass: 40018K(41728K)->40018K(41728K) Class: 5784K(7168K)->5784K(7168K)
[2024-03-20T17:53:14.854-0300][gc            ] GC(12) Pause Young (Normal) (G1 Evacuation Pause) 202M->159M(1024M) 16,835ms
[2024-03-20T17:53:14.854-0300][gc,cpu        ] GC(12) User=0,11s Sys=0,00s Real=0,01s
[2024-03-20T18:07:34.837-0300][gc,start      ] GC(13) Pause Young (Normal) (G1 Evacuation Pause)
[2024-03-20T18:07:34.837-0300][gc,task       ] GC(13) Using 8 workers of 8 for evacuation
[2024-03-20T18:07:34.842-0300][gc,phases     ] GC(13)   Pre Evacuate Collection Set: 0,0ms
[2024-03-20T18:07:34.843-0300][gc,phases     ] GC(13)   Evacuate Collection Set: 4,7ms
[2024-03-20T18:07:34.843-0300][gc,phases     ] GC(13)   Post Evacuate Collection Set: 0,6ms
[2024-03-20T18:07:34.843-0300][gc,phases     ] GC(13)   Other: 0,3ms
[2024-03-20T18:07:34.843-0300][gc,heap       ] GC(13) Eden regions: 48->0(53)
[2024-03-20T18:07:34.843-0300][gc,heap       ] GC(13) Survivor regions: 3->4(7)
[2024-03-20T18:07:34.843-0300][gc,heap       ] GC(13) Old regions: 29->29
[2024-03-20T18:07:34.843-0300][gc,heap       ] GC(13) Humongous regions: 129->129
[2024-03-20T18:07:34.843-0300][gc,metaspace  ] GC(13) Metaspace: 45818K(48896K)->45818K(48896K) NonClass: 40034K(41728K)->40034K(41728K) Class: 5784K(7168K)->5784K(7168K)
[2024-03-20T18:07:34.843-0300][gc            ] GC(13) Pause Young (Normal) (G1 Evacuation Pause) 207M->160M(1024M) 5,766ms
[2024-03-20T18:07:34.843-0300][gc,cpu        ] GC(13) User=0,04s Sys=0,00s Real=0,00s
[2024-03-20T18:23:27.598-0300][gc,start      ] GC(14) Pause Young (Normal) (G1 Evacuation Pause)
[2024-03-20T18:23:27.598-0300][gc,task       ] GC(14) Using 8 workers of 8 for evacuation
[2024-03-20T18:23:27.606-0300][gc,phases     ] GC(14)   Pre Evacuate Collection Set: 0,0ms
[2024-03-20T18:23:27.606-0300][gc,phases     ] GC(14)   Evacuate Collection Set: 7,0ms
[2024-03-20T18:23:27.606-0300][gc,phases     ] GC(14)   Post Evacuate Collection Set: 0,4ms
[2024-03-20T18:23:27.606-0300][gc,phases     ] GC(14)   Other: 0,2ms
[2024-03-20T18:23:27.606-0300][gc,heap       ] GC(14) Eden regions: 53->0(66)
[2024-03-20T18:23:27.606-0300][gc,heap       ] GC(14) Survivor regions: 4->7(8)
[2024-03-20T18:23:27.606-0300][gc,heap       ] GC(14) Old regions: 29->29
[2024-03-20T18:23:27.606-0300][gc,heap       ] GC(14) Humongous regions: 129->129
[2024-03-20T18:23:27.606-0300][gc,metaspace  ] GC(14) Metaspace: 45855K(48896K)->45855K(48896K) NonClass: 40071K(41728K)->40071K(41728K) Class: 5784K(7168K)->5784K(7168K)
[2024-03-20T18:23:27.606-0300][gc            ] GC(14) Pause Young (Normal) (G1 Evacuation Pause) 213M->163M(1024M) 7,742ms
[2024-03-20T18:23:27.606-0300][gc,cpu        ] GC(14) User=0,05s Sys=0,01s Real=0,00s
[2024-03-20T18:42:10.696-0300][gc,start      ] GC(15) Pause Young (Normal) (G1 Evacuation Pause)
[2024-03-20T18:42:10.696-0300][gc,task       ] GC(15) Using 8 workers of 8 for evacuation
[2024-03-20T18:42:10.708-0300][gc,phases     ] GC(15)   Pre Evacuate Collection Set: 0,1ms
[2024-03-20T18:42:10.708-0300][gc,phases     ] GC(15)   Evacuate Collection Set: 11,3ms
[2024-03-20T18:42:10.708-0300][gc,phases     ] GC(15)   Post Evacuate Collection Set: 0,4ms
[2024-03-20T18:42:10.708-0300][gc,phases     ] GC(15)   Other: 0,5ms
[2024-03-20T18:42:10.708-0300][gc,heap       ] GC(15) Eden regions: 66->0(176)
[2024-03-20T18:42:10.708-0300][gc,heap       ] GC(15) Survivor regions: 7->7(10)
[2024-03-20T18:42:10.708-0300][gc,heap       ] GC(15) Old regions: 29->32
[2024-03-20T18:42:10.708-0300][gc,heap       ] GC(15) Humongous regions: 129->129
[2024-03-20T18:42:10.708-0300][gc,metaspace  ] GC(15) Metaspace: 45876K(48896K)->45876K(48896K) NonClass: 40092K(41728K)->40092K(41728K) Class: 5784K(7168K)->5784K(7168K)
[2024-03-20T18:42:10.708-0300][gc            ] GC(15) Pause Young (Normal) (G1 Evacuation Pause) 229M->165M(1024M) 12,320ms
[2024-03-20T18:42:10.708-0300][gc,cpu        ] GC(15) User=0,08s Sys=0,01s Real=0,02s
[2024-03-20T19:34:41.203-0300][gc,start      ] GC(16) Pause Young (Normal) (G1 Evacuation Pause)
[2024-03-20T19:34:41.204-0300][gc,task       ] GC(16) Using 8 workers of 8 for evacuation
[2024-03-20T19:34:41.213-0300][gc,phases     ] GC(16)   Pre Evacuate Collection Set: 0,1ms
[2024-03-20T19:34:41.213-0300][gc,phases     ] GC(16)   Evacuate Collection Set: 8,8ms
[2024-03-20T19:34:41.213-0300][gc,phases     ] GC(16)   Post Evacuate Collection Set: 0,5ms
[2024-03-20T19:34:41.213-0300][gc,phases     ] GC(16)   Other: 0,5ms
[2024-03-20T19:34:41.213-0300][gc,heap       ] GC(16) Eden regions: 176->0(184)
[2024-03-20T19:34:41.213-0300][gc,heap       ] GC(16) Survivor regions: 7->7(23)
[2024-03-20T19:34:41.213-0300][gc,heap       ] GC(16) Old regions: 32->32
[2024-03-20T19:34:41.213-0300][gc,heap       ] GC(16) Humongous regions: 129->129
[2024-03-20T19:34:41.213-0300][gc,metaspace  ] GC(16) Metaspace: 45886K(48896K)->45886K(48896K) NonClass: 40102K(41728K)->40102K(41728K) Class: 5784K(7168K)->5784K(7168K)
[2024-03-20T19:34:41.213-0300][gc            ] GC(16) Pause Young (Normal) (G1 Evacuation Pause) 341M->165M(1024M) 9,940ms
[2024-03-20T19:34:41.213-0300][gc,cpu        ] GC(16) User=0,06s Sys=0,01s Real=0,01s
[2024-03-20T20:30:45.325-0300][gc,start      ] GC(17) Pause Young (Normal) (G1 Evacuation Pause)
[2024-03-20T20:30:45.326-0300][gc,task       ] GC(17) Using 8 workers of 8 for evacuation
[2024-03-20T20:30:45.344-0300][gc,phases     ] GC(17)   Pre Evacuate Collection Set: 0,1ms
[2024-03-20T20:30:45.344-0300][gc,phases     ] GC(17)   Evacuate Collection Set: 16,6ms
[2024-03-20T20:30:45.344-0300][gc,phases     ] GC(17)   Post Evacuate Collection Set: 0,9ms
[2024-03-20T20:30:45.344-0300][gc,phases     ] GC(17)   Other: 0,6ms
[2024-03-20T20:30:45.344-0300][gc,heap       ] GC(17) Eden regions: 184->0(184)
[2024-03-20T20:30:45.344-0300][gc,heap       ] GC(17) Survivor regions: 7->7(24)
[2024-03-20T20:30:45.344-0300][gc,heap       ] GC(17) Old regions: 32->32
[2024-03-20T20:30:45.344-0300][gc,heap       ] GC(17) Humongous regions: 129->129
[2024-03-20T20:30:45.344-0300][gc,metaspace  ] GC(17) Metaspace: 45898K(48896K)->45898K(48896K) NonClass: 40114K(41728K)->40114K(41728K) Class: 5784K(7168K)->5784K(7168K)
[2024-03-20T20:30:45.344-0300][gc            ] GC(17) Pause Young (Normal) (G1 Evacuation Pause) 349M->165M(1024M) 18,497ms
[2024-03-20T20:30:45.344-0300][gc,cpu        ] GC(17) User=0,12s Sys=0,00s Real=0,02s
[2024-03-20T21:25:40.254-0300][gc,start      ] GC(18) Pause Young (Normal) (G1 Evacuation Pause)
[2024-03-20T21:25:40.254-0300][gc,task       ] GC(18) Using 8 workers of 8 for evacuation
[2024-03-20T21:25:40.268-0300][gc,phases     ] GC(18)   Pre Evacuate Collection Set: 0,1ms
[2024-03-20T21:25:40.268-0300][gc,phases     ] GC(18)   Evacuate Collection Set: 12,9ms
[2024-03-20T21:25:40.268-0300][gc,phases     ] GC(18)   Post Evacuate Collection Set: 0,6ms
[2024-03-20T21:25:40.268-0300][gc,phases     ] GC(18)   Other: 0,5ms
[2024-03-20T21:25:40.268-0300][gc,heap       ] GC(18) Eden regions: 184->0(187)
[2024-03-20T21:25:40.268-0300][gc,heap       ] GC(18) Survivor regions: 7->8(24)
[2024-03-20T21:25:40.268-0300][gc,heap       ] GC(18) Old regions: 32->32
[2024-03-20T21:25:40.269-0300][gc,heap       ] GC(18) Humongous regions: 129->129
[2024-03-20T21:25:40.269-0300][gc,metaspace  ] GC(18) Metaspace: 45914K(48896K)->45914K(48896K) NonClass: 40130K(41728K)->40130K(41728K) Class: 5784K(7168K)->5784K(7168K)
[2024-03-20T21:25:40.269-0300][gc            ] GC(18) Pause Young (Normal) (G1 Evacuation Pause) 349M->166M(1024M) 14,255ms
[2024-03-20T21:25:40.269-0300][gc,cpu        ] GC(18) User=0,09s Sys=0,00s Real=0,02s
[2024-03-21T09:13:13.113-0300][gc,start      ] GC(19) Pause Young (Normal) (G1 Evacuation Pause)
[2024-03-21T09:13:13.113-0300][gc,task       ] GC(19) Using 8 workers of 8 for evacuation
[2024-03-21T09:13:13.130-0300][gc,phases     ] GC(19)   Pre Evacuate Collection Set: 0,0ms
[2024-03-21T09:13:13.130-0300][gc,phases     ] GC(19)   Evacuate Collection Set: 14,7ms
[2024-03-21T09:13:13.130-0300][gc,phases     ] GC(19)   Post Evacuate Collection Set: 1,4ms
[2024-03-21T09:13:13.130-0300][gc,phases     ] GC(19)   Other: 0,5ms
[2024-03-21T09:13:13.130-0300][gc,heap       ] GC(19) Eden regions: 187->0(195)
[2024-03-21T09:13:13.130-0300][gc,heap       ] GC(19) Survivor regions: 8->7(25)
[2024-03-21T09:13:13.130-0300][gc,heap       ] GC(19) Old regions: 32->32
[2024-03-21T09:13:13.130-0300][gc,heap       ] GC(19) Humongous regions: 129->129
[2024-03-21T09:13:13.130-0300][gc,metaspace  ] GC(19) Metaspace: 45926K(48896K)->45926K(48896K) NonClass: 40142K(41728K)->40142K(41728K) Class: 5784K(7168K)->5784K(7168K)
[2024-03-21T09:13:13.130-0300][gc            ] GC(19) Pause Young (Normal) (G1 Evacuation Pause) 353M->165M(1024M) 16,849ms
[2024-03-21T09:13:13.130-0300][gc,cpu        ] GC(19) User=0,12s Sys=0,00s Real=0,02s
[2024-03-21T10:55:45.973-0300][gc,start      ] GC(20) Pause Young (Normal) (G1 Evacuation Pause)
[2024-03-21T10:55:45.973-0300][gc,task       ] GC(20) Using 8 workers of 8 for evacuation
[2024-03-21T10:55:46.002-0300][gc,mmu        ] GC(20) MMU target violated: 21,0ms (20,0ms/21,0ms)
[2024-03-21T10:55:46.003-0300][gc,phases     ] GC(20)   Pre Evacuate Collection Set: 0,0ms
[2024-03-21T10:55:46.003-0300][gc,phases     ] GC(20)   Evacuate Collection Set: 28,3ms
[2024-03-21T10:55:46.003-0300][gc,phases     ] GC(20)   Post Evacuate Collection Set: 0,8ms
[2024-03-21T10:55:46.003-0300][gc,phases     ] GC(20)   Other: 0,6ms
[2024-03-21T10:55:46.003-0300][gc,heap       ] GC(20) Eden regions: 194->0(135)
[2024-03-21T10:55:46.003-0300][gc,heap       ] GC(20) Survivor regions: 7->7(26)
[2024-03-21T10:55:46.003-0300][gc,heap       ] GC(20) Old regions: 32->32
[2024-03-21T10:55:46.003-0300][gc,heap       ] GC(20) Humongous regions: 129->129
[2024-03-21T10:55:46.003-0300][gc,metaspace  ] GC(20) Metaspace: 46006K(48896K)->46006K(48896K) NonClass: 40203K(41728K)->40203K(41728K) Class: 5803K(7168K)->5803K(7168K)
[2024-03-21T10:55:46.003-0300][gc            ] GC(20) Pause Young (Normal) (G1 Evacuation Pause) 359M->165M(1024M) 29,816ms
[2024-03-21T10:55:46.003-0300][gc,cpu        ] GC(20) User=0,19s Sys=0,00s Real=0,03s
