[2024-03-20T16:33:02.757-0300][gc,heap] Heap region size: 1M
[2024-03-20T16:33:02.760-0300][gc     ] Using G1
[2024-03-20T16:33:02.760-0300][gc,heap,coops] Heap address: 0x00000000e0000000, size: 512 MB, Compressed Oops mode: 32-bit
[2024-03-20T16:33:02.760-0300][gc,cds       ] Mark closed archive regions in map: [0x00000000ffe00000, 0x00000000ffe6bff8]
[2024-03-20T16:33:02.760-0300][gc,cds       ] Mark open archive regions in map: [0x00000000ffc00000, 0x00000000ffc47ff8]
[2024-03-20T16:33:03.166-0300][gc,start     ] GC(0) Pause Young (Normal) (G1 Evacuation Pause)
[2024-03-20T16:33:03.166-0300][gc,task      ] GC(0) Using 8 workers of 8 for evacuation
[2024-03-20T16:33:03.181-0300][gc,phases    ] GC(0)   Pre Evacuate Collection Set: 0,0ms
[2024-03-20T16:33:03.181-0300][gc,phases    ] GC(0)   Evacuate Collection Set: 14,3ms
[2024-03-20T16:33:03.181-0300][gc,phases    ] GC(0)   Post Evacuate Collection Set: 0,3ms
[2024-03-20T16:33:03.181-0300][gc,phases    ] GC(0)   Other: 0,6ms
[2024-03-20T16:33:03.181-0300][gc,heap      ] GC(0) Eden regions: 25->0(21)
[2024-03-20T16:33:03.181-0300][gc,heap      ] GC(0) Survivor regions: 0->4(4)
[2024-03-20T16:33:03.181-0300][gc,heap      ] GC(0) Old regions: 2->6
[2024-03-20T16:33:03.181-0300][gc,heap      ] GC(0) Humongous regions: 0->0
[2024-03-20T16:33:03.181-0300][gc,metaspace ] GC(0) Metaspace: 7317K(7936K)->7317K(7936K) NonClass: 6500K(6912K)->6500K(6912K) Class: 816K(1024K)->816K(1024K)
[2024-03-20T16:33:03.181-0300][gc           ] GC(0) Pause Young (Normal) (G1 Evacuation Pause) 25M->8M(512M) 15,347ms
[2024-03-20T16:33:03.181-0300][gc,cpu       ] GC(0) User=0,08s Sys=0,00s Real=0,02s
[2024-03-20T18:30:31.738-0300][gc,start     ] GC(1) Pause Young (Normal) (G1 Evacuation Pause)
[2024-03-20T18:30:31.738-0300][gc,task      ] GC(1) Using 8 workers of 8 for evacuation
[2024-03-20T18:30:31.758-0300][gc,mmu       ] GC(1) MMU target violated: 20,1ms (20,0ms/21,0ms)
[2024-03-20T18:30:31.758-0300][gc,phases    ] GC(1)   Pre Evacuate Collection Set: 0,0ms
[2024-03-20T18:30:31.758-0300][gc,phases    ] GC(1)   Evacuate Collection Set: 19,0ms
[2024-03-20T18:30:31.758-0300][gc,phases    ] GC(1)   Post Evacuate Collection Set: 0,9ms
[2024-03-20T18:30:31.758-0300][gc,phases    ] GC(1)   Other: 0,5ms
[2024-03-20T18:30:31.758-0300][gc,heap      ] GC(1) Eden regions: 21->0(24)
[2024-03-20T18:30:31.758-0300][gc,heap      ] GC(1) Survivor regions: 4->1(4)
[2024-03-20T18:30:31.758-0300][gc,heap      ] GC(1) Old regions: 6->10
[2024-03-20T18:30:31.758-0300][gc,heap      ] GC(1) Humongous regions: 0->0
[2024-03-20T18:30:31.758-0300][gc,metaspace ] GC(1) Metaspace: 9509K(10240K)->9509K(10240K) NonClass: 8506K(8960K)->8506K(8960K) Class: 1003K(1280K)->1003K(1280K)
[2024-03-20T18:30:31.758-0300][gc           ] GC(1) Pause Young (Normal) (G1 Evacuation Pause) 29M->9M(512M) 20,614ms
[2024-03-20T18:30:31.758-0300][gc,cpu       ] GC(1) User=0,15s Sys=0,00s Real=0,02s
